============================= test session starts =============================
platform win32 -- Python 3.11.0, pytest-9.0.2, pluggy-1.6.0 -- C:\Users\srive\AppData\Local\Programs\Python\Python311\python.exe
cachedir: .pytest_cache
rootdir: C:\CS Projects\datathon\graph-fraud-detection
plugins: anyio-4.12.1
collecting ... collected 69 items / 4 errors

=================================== ERRORS ====================================
________________ ERROR collecting tests/test_bfs_explainer.py _________________
ImportError while importing test module 'C:\CS Projects\datathon\graph-fraud-detection\tests\test_bfs_explainer.py'.
Hint: make sure your test modules/packages have valid Python names.
Traceback:
C:\Users\srive\AppData\Local\Programs\Python\Python311\Lib\importlib\__init__.py:126: in import_module
    return _bootstrap._gcd_import(name[level:], package, level)
           ^^^^^^^^^^^^^^^^^^^^^^^^^^^^^^^^^^^^^^^^^^^^^^^^^^^^
tests\test_bfs_explainer.py:10: in <module>
    from src.detection.louvain import (
E   ModuleNotFoundError: No module named 'src'
_________________ ERROR collecting tests/test_integration.py __________________
ImportError while importing test module 'C:\CS Projects\datathon\graph-fraud-detection\tests\test_integration.py'.
Hint: make sure your test modules/packages have valid Python names.
Traceback:
C:\Users\srive\AppData\Local\Programs\Python\Python311\Lib\importlib\__init__.py:126: in import_module
    return _bootstrap._gcd_import(name[level:], package, level)
           ^^^^^^^^^^^^^^^^^^^^^^^^^^^^^^^^^^^^^^^^^^^^^^^^^^^^
tests\test_integration.py:7: in <module>
    from src.api.graph_service import GraphService
E   ModuleNotFoundError: No module named 'src'
___________________ ERROR collecting tests/test_louvain.py ____________________
ImportError while importing test module 'C:\CS Projects\datathon\graph-fraud-detection\tests\test_louvain.py'.
Hint: make sure your test modules/packages have valid Python names.
Traceback:
C:\Users\srive\AppData\Local\Programs\Python\Python311\Lib\importlib\__init__.py:126: in import_module
    return _bootstrap._gcd_import(name[level:], package, level)
           ^^^^^^^^^^^^^^^^^^^^^^^^^^^^^^^^^^^^^^^^^^^^^^^^^^^^
tests\test_louvain.py:10: in <module>
    from src.detection.louvain import (
E   ModuleNotFoundError: No module named 'src'
____________________ ERROR collecting tests/test_model.py _____________________
ImportError while importing test module 'C:\CS Projects\datathon\graph-fraud-detection\tests\test_model.py'.
Hint: make sure your test modules/packages have valid Python names.
Traceback:
C:\Users\srive\AppData\Local\Programs\Python\Python311\Lib\importlib\__init__.py:126: in import_module
    return _bootstrap._gcd_import(name[level:], package, level)
           ^^^^^^^^^^^^^^^^^^^^^^^^^^^^^^^^^^^^^^^^^^^^^^^^^^^^
tests\test_model.py:5: in <module>
    from src.models.gnn_model import FraudGNN
E   ModuleNotFoundError: No module named 'src'
============================== warnings summary ===============================
..\..\..\Users\srive\AppData\Local\Programs\Python\Python311\Lib\site-packages\torch_geometric\llm\utils\backend_utils.py:26
  C:\Users\srive\AppData\Local\Programs\Python\Python311\Lib\site-packages\torch_geometric\llm\utils\backend_utils.py:26: DeprecationWarning: `torch_geometric.distributed` has been deprecated since 2.7.0 and will no longer be maintained. For distributed training, refer to our tutorials on distributed training at https://pytorch-geometric.readthedocs.io/en/latest/tutorial/distributed.html or cuGraph examples at https://github.com/rapidsai/cugraph-gnn/tree/main/python/cugraph-pyg/cugraph_pyg/examples
    from torch_geometric.distributed import (

..\..\..\Users\srive\AppData\Local\Programs\Python\Python311\Lib\site-packages\torch\jit\_script.py:1480
..\..\..\Users\srive\AppData\Local\Programs\Python\Python311\Lib\site-packages\torch\jit\_script.py:1480
  C:\Users\srive\AppData\Local\Programs\Python\Python311\Lib\site-packages\torch\jit\_script.py:1480: DeprecationWarning: `torch.jit.script` is deprecated. Please switch to `torch.compile` or `torch.export`.
    warnings.warn(

-- Docs: https://docs.pytest.org/en/stable/how-to/capture-warnings.html
=========================== short test summary info ===========================
ERROR tests/test_bfs_explainer.py
ERROR tests/test_integration.py
ERROR tests/test_louvain.py
ERROR tests/test_model.py
!!!!!!!!!!!!!!!!!!! Interrupted: 4 errors during collection !!!!!!!!!!!!!!!!!!!
======================== 3 warnings, 4 errors in 7.81s ========================
